  Individuazione dei progetti da ripristinare...
  Tutti i progetti sono aggiornati per il ripristino.
C:\Users\danie\Desktop\aaaa\DiscordMultiTool 3.0\MainWindow.axaml.cs(71,29): error CS0115: 'MainWindow.OnClosing(CancelEventArgs)': non sono stati trovati metodi appropriati per eseguire l'override [C:\Users\danie\Desktop\aaaa\DiscordMultiTool 3.0\DiscordMultiTool.csproj]

Compilazione NON RIUSCITA.

C:\Users\danie\Desktop\aaaa\DiscordMultiTool 3.0\MainWindow.axaml.cs(71,29): error CS0115: 'MainWindow.OnClosing(CancelEventArgs)': non sono stati trovati metodi appropriati per eseguire l'override [C:\Users\danie\Desktop\aaaa\DiscordMultiTool 3.0\DiscordMultiTool.csproj]
    Avvisi: 0
    Errori: 1

Tempo trascorso 00:00:01.24
